[debug] [2026-05-15T13:34:41.992Z] ----------------------------------------------------------------------
[debug] [2026-05-15T13:34:41.996Z] Command:       C:\Program Files\nodejs\node.exe C:\Users\Secretaria_4\AppData\Roaming\npm\node_modules\firebase-tools\lib\bin\firebase.js deploy --only functions
[debug] [2026-05-15T13:34:41.997Z] CLI Version:   15.15.0
[debug] [2026-05-15T13:34:41.997Z] Platform:      win32
[debug] [2026-05-15T13:34:41.997Z] Node Version:  v24.14.1
[debug] [2026-05-15T13:34:41.998Z] Time:          Fri May 15 2026 10:34:41 GMT-0300 (Horário Padrão de Brasília)
[debug] [2026-05-15T13:34:41.998Z] ----------------------------------------------------------------------
[debug] 
[debug] [2026-05-15T13:34:45.901Z] > command requires scopes: ["email","openid","https://www.googleapis.com/auth/cloudplatformprojects.readonly","https://www.googleapis.com/auth/firebase","https://www.googleapis.com/auth/cloud-platform"]
[debug] [2026-05-15T13:34:45.902Z] > authorizing via signed-in user (edclecyo12@gmail.com)
[debug] [2026-05-15T13:34:45.902Z] [iam] checking project agenda-beleza-75106 for permissions ["cloudfunctions.functions.create","cloudfunctions.functions.delete","cloudfunctions.functions.get","cloudfunctions.functions.list","cloudfunctions.functions.update","cloudfunctions.operations.get","firebase.projects.get"]
[debug] [2026-05-15T13:34:45.903Z] Checked if tokens are valid: true, expires at: 1778855233194
[debug] [2026-05-15T13:34:45.903Z] Checked if tokens are valid: true, expires at: 1778855233194
[debug] [2026-05-15T13:34:45.904Z] >>> [apiv2][query] POST https://cloudresourcemanager.googleapis.com/v1/projects/agenda-beleza-75106:testIamPermissions [none]
[debug] [2026-05-15T13:34:45.905Z] >>> [apiv2][(partial)header] POST https://cloudresourcemanager.googleapis.com/v1/projects/agenda-beleza-75106:testIamPermissions  x-goog-user-project=agenda-beleza-75106
[debug] [2026-05-15T13:34:45.905Z] >>> [apiv2][body] POST https://cloudresourcemanager.googleapis.com/v1/projects/agenda-beleza-75106:testIamPermissions {"permissions":["cloudfunctions.functions.create","cloudfunctions.functions.delete","cloudfunctions.functions.get","cloudfunctions.functions.list","cloudfunctions.functions.update","cloudfunctions.operations.get","firebase.projects.get"]}
[debug] [2026-05-15T13:34:46.988Z] <<< [apiv2][status] POST https://cloudresourcemanager.googleapis.com/v1/projects/agenda-beleza-75106:testIamPermissions 200
[debug] [2026-05-15T13:34:46.988Z] <<< [apiv2][body] POST https://cloudresourcemanager.googleapis.com/v1/projects/agenda-beleza-75106:testIamPermissions {"permissions":["cloudfunctions.functions.create","cloudfunctions.functions.delete","cloudfunctions.functions.get","cloudfunctions.functions.list","cloudfunctions.functions.update","cloudfunctions.operations.get","firebase.projects.get"]}
[debug] [2026-05-15T13:34:46.989Z] Checked if tokens are valid: true, expires at: 1778855233194
[debug] [2026-05-15T13:34:46.989Z] Checked if tokens are valid: true, expires at: 1778855233194
[debug] [2026-05-15T13:34:46.989Z] >>> [apiv2][query] POST https://iam.googleapis.com/v1/projects/agenda-beleza-75106/serviceAccounts/agenda-beleza-75106@appspot.gserviceaccount.com:testIamPermissions [none]
[debug] [2026-05-15T13:34:46.989Z] >>> [apiv2][body] POST https://iam.googleapis.com/v1/projects/agenda-beleza-75106/serviceAccounts/agenda-beleza-75106@appspot.gserviceaccount.com:testIamPermissions {"permissions":["iam.serviceAccounts.actAs"]}
[debug] [2026-05-15T13:34:48.069Z] <<< [apiv2][status] POST https://iam.googleapis.com/v1/projects/agenda-beleza-75106/serviceAccounts/agenda-beleza-75106@appspot.gserviceaccount.com:testIamPermissions 200
[debug] [2026-05-15T13:34:48.069Z] <<< [apiv2][body] POST https://iam.googleapis.com/v1/projects/agenda-beleza-75106/serviceAccounts/agenda-beleza-75106@appspot.gserviceaccount.com:testIamPermissions {"permissions":["iam.serviceAccounts.actAs"]}
[info] 
[info] === Deploying to 'agenda-beleza-75106'...
[info] 
[info] i  deploying functions 
[info] Running command: npm --prefix "$RESOURCE_DIR" run lint
[info] Running command: npm --prefix "$RESOURCE_DIR" run build
[info] +  functions: Finished running predeploy script. 
[debug] [2026-05-15T13:34:58.512Z] Checked if tokens are valid: true, expires at: 1778855233194
[debug] [2026-05-15T13:34:58.513Z] Checked if tokens are valid: true, expires at: 1778855233194
[debug] [2026-05-15T13:34:58.513Z] >>> [apiv2][query] GET https://cloudresourcemanager.googleapis.com/v1/projects/agenda-beleza-75106 [none]
[debug] [2026-05-15T13:34:59.458Z] <<< [apiv2][status] GET https://cloudresourcemanager.googleapis.com/v1/projects/agenda-beleza-75106 200
[debug] [2026-05-15T13:34:59.458Z] <<< [apiv2][body] GET https://cloudresourcemanager.googleapis.com/v1/projects/agenda-beleza-75106 {"projectNumber":"1043439367326","projectId":"agenda-beleza-75106","lifecycleState":"ACTIVE","name":"estetica-app","labels":{"firebase":"enabled","firebase-core":"disabled"},"createTime":"2025-12-15T19:43:35.130434Z"}
[info] i  functions: preparing codebase default for deployment 
[info] i  functions: ensuring required API cloudfunctions.googleapis.com is enabled... 
[info] i  functions: ensuring required API cloudbuild.googleapis.com is enabled... 
[info] i  artifactregistry: ensuring required API artifactregistry.googleapis.com is enabled... 
[debug] [2026-05-15T13:34:59.463Z] Checked if tokens are valid: true, expires at: 1778855233194
[debug] [2026-05-15T13:34:59.463Z] Checked if tokens are valid: true, expires at: 1778855233194
[debug] [2026-05-15T13:34:59.463Z] >>> [apiv2][query] GET https://firebase.googleapis.com/v1beta1/projects/agenda-beleza-75106/adminSdkConfig [none]
